Mar-01 13:49:35.269 [main] DEBUG nextflow.cli.Launcher - $> nextflow run main.nf -c nextflow.config -profile docker
Mar-01 13:49:35.320 [main] DEBUG nextflow.cli.CmdRun - N E X T F L O W  ~  version 25.10.0
Mar-01 13:49:35.353 [main] DEBUG nextflow.config.ConfigBuilder - Found config local: /home/alejandro/Documents/projects/isoseq/src/nextflow.config
Mar-01 13:49:35.356 [main] DEBUG nextflow.config.ConfigBuilder - User config file: /home/alejandro/Documents/projects/isoseq/src/nextflow.config
Mar-01 13:49:35.357 [main] DEBUG nextflow.config.ConfigBuilder - Parsing config file: /home/alejandro/Documents/projects/isoseq/src/nextflow.config
Mar-01 13:49:35.358 [main] DEBUG nextflow.config.ConfigBuilder - Parsing config file: /home/alejandro/Documents/projects/isoseq/src/nextflow.config
Mar-01 13:49:35.376 [main] DEBUG nextflow.config.ConfigBuilder - Applying config profile: `docker`
Mar-01 13:49:36.128 [main] DEBUG nextflow.config.ConfigBuilder - Applying config profile: `docker`
Mar-01 13:49:36.169 [main] DEBUG nextflow.config.ConfigBuilder - Available config profiles: [debug, apptainer, gpu, wave, docker, slurm, gitpod, shifter, mamba, charliecloud, conda, singularity, arm, podman]
Mar-01 13:49:36.209 [main] DEBUG nextflow.plugin.PluginsFacade - Setting up plugin manager > mode=prod; embedded=false; plugins-dir=/home/alejandro/.nextflow/plugins; core-plugins: nf-amazon@3.4.1,nf-azure@1.20.2,nf-cloudcache@0.5.0,nf-codecommit@0.5.0,nf-console@1.3.0,nf-google@1.23.3,nf-k8s@1.2.2,nf-tower@1.17.1,nf-wave@1.16.1
Mar-01 13:49:36.219 [main] INFO  o.pf4j.DefaultPluginStatusProvider - Enabled plugins: []
Mar-01 13:49:36.220 [main] INFO  o.pf4j.DefaultPluginStatusProvider - Disabled plugins: []
Mar-01 13:49:36.222 [main] INFO  org.pf4j.DefaultPluginManager - PF4J version 3.12.0 in 'deployment' mode
Mar-01 13:49:36.236 [main] DEBUG nextflow.util.RetryConfig - Missing nextflow session - using default retry config
Mar-01 13:49:36.353 [main] INFO  org.pf4j.AbstractPluginManager - No plugins
Mar-01 13:49:36.355 [main] DEBUG nextflow.plugin.PluginsFacade - Plugins default=[]
Mar-01 13:49:36.355 [main] DEBUG nextflow.plugin.PluginsFacade - Plugins resolved requirement=[]
Mar-01 13:49:36.372 [main] DEBUG n.secret.LocalSecretsProvider - Secrets store: /home/alejandro/.nextflow/secrets/store.json
Mar-01 13:49:36.374 [main] DEBUG nextflow.secret.SecretsLoader - Discovered secrets providers: [nextflow.secret.LocalSecretsProvider@5438c17a] - activable => nextflow.secret.LocalSecretsProvider@5438c17a
Mar-01 13:49:36.381 [main] DEBUG nextflow.cli.CmdRun - Applied DSL=2 from script declaration
Mar-01 13:49:36.391 [main] DEBUG nextflow.cli.CmdRun - Launching `main.nf` [magical_torvalds] DSL2 - revision: c3253d05a8
Mar-01 13:49:36.425 [main] DEBUG nextflow.Session - Session UUID: ed390159-9c62-4e41-a72c-9f03017f39ac
Mar-01 13:49:36.425 [main] DEBUG nextflow.Session - Run name: magical_torvalds
Mar-01 13:49:36.426 [main] DEBUG nextflow.Session - Executor pool size: 16
Mar-01 13:49:36.432 [main] DEBUG nextflow.file.FilePorter - File porter settings maxRetries=3; maxTransfers=50; pollTimeout=null
Mar-01 13:49:36.435 [main] DEBUG nextflow.util.ThreadPoolBuilder - Creating thread pool 'FileTransfer' minSize=10; maxSize=48; workQueue=LinkedBlockingQueue[-1]; allowCoreThreadTimeout=false
Mar-01 13:49:36.452 [main] DEBUG nextflow.cli.CmdRun - 
  Version: 25.10.0 build 10289
  Created: 22-10-2025 16:26 UTC (18:26 CEST)
  System: Linux 6.14.5-100.fc40.x86_64
  Runtime: Groovy 4.0.28 on OpenJDK 64-Bit Server VM 23.0.2-internal-adhoc.conda.src
  Encoding: UTF-8 (UTF-8)
  Process: 618739@hg-5gbf9c3.SGN.intra [192.168.174.58]
  CPUs: 16 - Mem: 125.7 GB (114.4 GB) - Swap: 8 GB (8 GB)
Mar-01 13:49:36.467 [main] DEBUG nextflow.Session - Work-dir: /home/alejandro/Documents/projects/isoseq/src/work [btrfs]
Mar-01 13:49:36.467 [main] DEBUG nextflow.Session - Script base path does not exist or is not a directory: /home/alejandro/Documents/projects/isoseq/src/bin
Mar-01 13:49:36.472 [main] DEBUG nextflow.executor.ExecutorFactory - Extension executors providers=[]
Mar-01 13:49:36.478 [main] DEBUG nextflow.Session - Observer factory (v2): LinObserverFactory
Mar-01 13:49:36.480 [main] DEBUG nextflow.Session - Observer factory (v2): DefaultObserverFactory
Mar-01 13:49:36.512 [main] DEBUG nextflow.cache.CacheFactory - Using Nextflow cache factory: nextflow.cache.DefaultCacheFactory
Mar-01 13:49:36.518 [main] DEBUG nextflow.util.CustomThreadPool - Creating default thread pool > poolSize: 17; maxThreads: 1000
Mar-01 13:49:36.579 [main] DEBUG nextflow.Session - Session start
Mar-01 13:49:36.584 [main] DEBUG nextflow.trace.TraceFileObserver - Workflow started -- trace file: /home/alejandro/Documents/projects/isoseq/OUT_RESULT/pipeline_info/execution_trace_2026-03-01_13-49-36.txt
Mar-01 13:49:36.872 [main] DEBUG nextflow.script.ScriptRunner - > Launching execution
Mar-01 13:49:37.460 [main] DEBUG n.script.dsl.ProcessConfigBuilder - Config settings `withLabel:process_low` matches labels `process_low` for process with name ISOPIPE:PBINDEX
Mar-01 13:49:37.467 [main] DEBUG nextflow.executor.ExecutorFactory - << taskConfig executor: null
Mar-01 13:49:37.467 [main] DEBUG nextflow.executor.ExecutorFactory - >> processorType: 'local'
Mar-01 13:49:37.474 [main] DEBUG nextflow.executor.Executor - [warm up] executor > local
Mar-01 13:49:37.479 [main] DEBUG n.processor.LocalPollingMonitor - Creating local task monitor for executor 'local' > cpus=16; memory=125.7 GB; capacity=16; pollInterval=100ms; dumpInterval=5m
Mar-01 13:49:37.480 [main] DEBUG n.processor.TaskPollingMonitor - >>> barrier register (monitor: local)
Mar-01 13:49:37.493 [main] DEBUG nextflow.processor.TaskProcessor - Creating process 'ISOPIPE:PBINDEX': maxForks=0; fair=false; array=0
Mar-01 13:49:37.531 [main] DEBUG n.script.dsl.ProcessConfigBuilder - Config settings `withLabel:process_single` matches labels `process_single` for process with name ISOPIPE:PBCCS
Mar-01 13:49:37.532 [main] DEBUG n.script.dsl.ProcessConfigBuilder - Config settings `withName:.*:PBCCS` matches process ISOPIPE:PBCCS
Mar-01 13:49:37.537 [main] DEBUG nextflow.executor.ExecutorFactory - << taskConfig executor: null
Mar-01 13:49:37.537 [main] DEBUG nextflow.executor.ExecutorFactory - >> processorType: 'local'
Mar-01 13:49:37.538 [main] DEBUG nextflow.processor.TaskProcessor - Creating process 'ISOPIPE:PBCCS': maxForks=0; fair=false; array=0
Mar-01 13:49:37.551 [main] DEBUG n.script.dsl.ProcessConfigBuilder - Config settings `withLabel:process_low` matches labels `process_low` for process with name ISOPIPE:PBMERGE
Mar-01 13:49:37.555 [main] DEBUG nextflow.executor.ExecutorFactory - << taskConfig executor: null
Mar-01 13:49:37.555 [main] DEBUG nextflow.executor.ExecutorFactory - >> processorType: 'local'
Mar-01 13:49:37.556 [main] DEBUG nextflow.processor.TaskProcessor - Creating process 'ISOPIPE:PBMERGE': maxForks=0; fair=false; array=0
Mar-01 13:49:37.561 [main] DEBUG n.script.dsl.ProcessConfigBuilder - Config settings `withLabel:process_low` matches labels `process_low` for process with name ISOPIPE:LIMA
Mar-01 13:49:37.561 [main] DEBUG n.script.dsl.ProcessConfigBuilder - Config settings `withName:.*:LIMA` matches process ISOPIPE:LIMA
Mar-01 13:49:37.564 [main] DEBUG nextflow.executor.ExecutorFactory - << taskConfig executor: null
Mar-01 13:49:37.565 [main] DEBUG nextflow.executor.ExecutorFactory - >> processorType: 'local'
Mar-01 13:49:37.566 [main] DEBUG nextflow.processor.TaskProcessor - Creating process 'ISOPIPE:LIMA': maxForks=0; fair=false; array=0
Mar-01 13:49:37.572 [main] DEBUG n.script.dsl.ProcessConfigBuilder - Config settings `withLabel:process_low` matches labels `process_low` for process with name ISOPIPE:ISOSEQ_REFINE
Mar-01 13:49:37.573 [main] DEBUG n.script.dsl.ProcessConfigBuilder - Config settings `withName:.*:ISOSEQ_REFINE` matches process ISOPIPE:ISOSEQ_REFINE
Mar-01 13:49:37.576 [main] DEBUG nextflow.executor.ExecutorFactory - << taskConfig executor: null
Mar-01 13:49:37.576 [main] DEBUG nextflow.executor.ExecutorFactory - >> processorType: 'local'
Mar-01 13:49:37.577 [main] DEBUG nextflow.processor.TaskProcessor - Creating process 'ISOPIPE:ISOSEQ_REFINE': maxForks=0; fair=false; array=0
Mar-01 13:49:37.585 [main] DEBUG n.script.dsl.ProcessConfigBuilder - Config settings `withLabel:process_medium` matches labels `process_medium` for process with name ISOPIPE:ISOSEQ_CLUSTER2
Mar-01 13:49:37.586 [main] DEBUG n.script.dsl.ProcessConfigBuilder - Config settings `withName:.*:ISOSEQ_CLUSTER2` matches process ISOPIPE:ISOSEQ_CLUSTER2
Mar-01 13:49:37.590 [main] DEBUG nextflow.executor.ExecutorFactory - << taskConfig executor: null
Mar-01 13:49:37.590 [main] DEBUG nextflow.executor.ExecutorFactory - >> processorType: 'local'
Mar-01 13:49:37.591 [main] DEBUG nextflow.processor.TaskProcessor - Creating process 'ISOPIPE:ISOSEQ_CLUSTER2': maxForks=0; fair=false; array=0
Mar-01 13:49:37.597 [main] DEBUG n.script.dsl.ProcessConfigBuilder - Config settings `withLabel:process_low` matches labels `process_low` for process with name ISOPIPE:BAM_TO_FQ
Mar-01 13:49:37.598 [main] DEBUG n.script.dsl.ProcessConfigBuilder - Config settings `withName:.*:BAM_TO_FQ.*` matches process ISOPIPE:BAM_TO_FQ
Mar-01 13:49:37.607 [main] DEBUG nextflow.executor.ExecutorFactory - << taskConfig executor: null
Mar-01 13:49:37.607 [main] DEBUG nextflow.executor.ExecutorFactory - >> processorType: 'local'
Mar-01 13:49:37.608 [main] DEBUG nextflow.processor.TaskProcessor - Creating process 'ISOPIPE:BAM_TO_FQ': maxForks=0; fair=false; array=0
Mar-01 13:49:37.618 [main] DEBUG n.script.dsl.ProcessConfigBuilder - Config settings `withLabel:process_medium` matches labels `process_medium` for process with name ISOPIPE:ISOSEQ_CLUSTER2_POOLED
Mar-01 13:49:37.619 [main] DEBUG n.script.dsl.ProcessConfigBuilder - Config settings `withName:.*:ISOSEQ_CLUSTER2_POOLED` matches process ISOPIPE:ISOSEQ_CLUSTER2_POOLED
Mar-01 13:49:37.623 [main] DEBUG nextflow.executor.ExecutorFactory - << taskConfig executor: null
Mar-01 13:49:37.623 [main] DEBUG nextflow.executor.ExecutorFactory - >> processorType: 'local'
Mar-01 13:49:37.624 [main] DEBUG nextflow.processor.TaskProcessor - Creating process 'ISOPIPE:ISOSEQ_CLUSTER2_POOLED': maxForks=0; fair=false; array=0
Mar-01 13:49:37.629 [main] DEBUG n.script.dsl.ProcessConfigBuilder - Config settings `withLabel:process_low` matches labels `process_low` for process with name ISOPIPE:BAM_TO_FQ_POOLED
Mar-01 13:49:37.630 [main] DEBUG n.script.dsl.ProcessConfigBuilder - Config settings `withName:.*:BAM_TO_FQ.*` matches process ISOPIPE:BAM_TO_FQ_POOLED
Mar-01 13:49:37.632 [main] DEBUG nextflow.executor.ExecutorFactory - << taskConfig executor: null
Mar-01 13:49:37.632 [main] DEBUG nextflow.executor.ExecutorFactory - >> processorType: 'local'
Mar-01 13:49:37.633 [main] DEBUG nextflow.processor.TaskProcessor - Creating process 'ISOPIPE:BAM_TO_FQ_POOLED': maxForks=0; fair=false; array=0
Mar-01 13:49:37.635 [main] DEBUG nextflow.Session - Config process names validation disabled as requested
Mar-01 13:49:37.636 [main] DEBUG nextflow.Session - Igniting dataflow network (14)
Mar-01 13:49:37.640 [PathVisitor-1] DEBUG nextflow.file.PathVisitor - files for syntax: glob; folder: /home/alejandro/Documents/projects/isoseq/test/; pattern: *.bam; options: [checkIfExists:true]
Mar-01 13:49:37.641 [main] DEBUG nextflow.processor.TaskProcessor - Starting process > ISOPIPE:PBINDEX
Mar-01 13:49:37.641 [main] DEBUG nextflow.processor.TaskProcessor - Starting process > ISOPIPE:PBCCS
Mar-01 13:49:37.641 [main] DEBUG nextflow.processor.TaskProcessor - Starting process > ISOPIPE:PBMERGE
Mar-01 13:49:37.641 [main] DEBUG nextflow.processor.TaskProcessor - Starting process > ISOPIPE:LIMA
Mar-01 13:49:37.642 [main] DEBUG nextflow.processor.TaskProcessor - Starting process > ISOPIPE:ISOSEQ_REFINE
Mar-01 13:49:37.642 [main] DEBUG nextflow.processor.TaskProcessor - Starting process > ISOPIPE:ISOSEQ_CLUSTER2
Mar-01 13:49:37.642 [main] DEBUG nextflow.processor.TaskProcessor - Starting process > ISOPIPE:BAM_TO_FQ
Mar-01 13:49:37.642 [main] DEBUG nextflow.processor.TaskProcessor - Starting process > ISOPIPE:ISOSEQ_CLUSTER2_POOLED
Mar-01 13:49:37.642 [main] DEBUG nextflow.processor.TaskProcessor - Starting process > ISOPIPE:BAM_TO_FQ_POOLED
Mar-01 13:49:37.643 [main] DEBUG nextflow.script.ScriptRunner - Parsed script files:
  Script_0e40cab71f6e1202: /home/alejandro/Documents/projects/isoseq/src/modules/nf-core/pbtk/pbindex/main.nf
  Script_9dfca1544fcfc1b9: /home/alejandro/Documents/projects/isoseq/src/modules/nf-core/pbtk/pbmerge/main.nf
  Script_3947eb034f9cc310: /home/alejandro/Documents/projects/isoseq/src/modules/custom/bamtofq/main.nf
  Script_1c313e78086c892e: /home/alejandro/Documents/projects/isoseq/src/modules/nf-core/lima/main.nf
  Script_e3f0855625089ad2: /home/alejandro/Documents/projects/isoseq/src/modules/nf-core/isoseq/refine/main.nf
  Script_914ec0c2e628369b: /home/alejandro/Documents/projects/isoseq/src/modules/custom/isoseq/cluster2/main.nf
  Script_691091cc35460040: /home/alejandro/Documents/projects/isoseq/src/main.nf
  Script_07271f0743d72142: /home/alejandro/Documents/projects/isoseq/src/modules/nf-core/pbccs/main.nf
Mar-01 13:49:37.643 [main] DEBUG nextflow.script.ScriptRunner - > Awaiting termination 
Mar-01 13:49:37.643 [main] DEBUG nextflow.Session - Session await
Mar-01 13:49:37.830 [Task submitter] DEBUG n.executor.local.LocalTaskHandler - Launch cmd line: /bin/bash -ue .command.run
Mar-01 13:49:37.832 [Task submitter] INFO  nextflow.Session - [c0/fb24d4] Submitted process > ISOPIPE:PBCCS (alz.1perc.subreads.10000)
Mar-01 13:49:37.844 [Task submitter] DEBUG n.executor.local.LocalTaskHandler - Launch cmd line: /bin/bash -ue .command.run
Mar-01 13:49:37.844 [Task submitter] INFO  nextflow.Session - [2d/3853cf] Submitted process > ISOPIPE:PBCCS (alz.1perc.subreads.10000)
Mar-01 13:49:37.851 [Task submitter] DEBUG n.executor.local.LocalTaskHandler - Launch cmd line: /bin/bash -ue .command.run
Mar-01 13:49:37.851 [Task submitter] INFO  nextflow.Session - [22/f598b7] Submitted process > ISOPIPE:PBCCS (alz.1perc.subreads.10000)
Mar-01 13:49:37.857 [Task submitter] DEBUG n.executor.local.LocalTaskHandler - Launch cmd line: /bin/bash -ue .command.run
Mar-01 13:49:37.858 [Task submitter] INFO  nextflow.Session - [f8/1fa230] Submitted process > ISOPIPE:PBCCS (alz.1perc.subreads.10000)
Mar-01 13:49:37.865 [Task submitter] DEBUG n.executor.local.LocalTaskHandler - Launch cmd line: /bin/bash -ue .command.run
Mar-01 13:49:37.866 [Task submitter] INFO  nextflow.Session - [6a/cc29f0] Submitted process > ISOPIPE:PBCCS (alz.1perc.subreads.10000)
Mar-01 13:49:37.874 [Task submitter] DEBUG n.executor.local.LocalTaskHandler - Launch cmd line: /bin/bash -ue .command.run
Mar-01 13:49:37.874 [Task submitter] INFO  nextflow.Session - [bb/0aeee8] Submitted process > ISOPIPE:PBCCS (alz.1perc.subreads.10000)
Mar-01 13:49:37.881 [Task submitter] DEBUG n.executor.local.LocalTaskHandler - Launch cmd line: /bin/bash -ue .command.run
Mar-01 13:49:37.881 [Task submitter] INFO  nextflow.Session - [01/5cacea] Submitted process > ISOPIPE:PBCCS (alz.1perc.subreads.10000)
Mar-01 13:49:37.887 [Task submitter] DEBUG n.executor.local.LocalTaskHandler - Launch cmd line: /bin/bash -ue .command.run
Mar-01 13:49:37.888 [Task submitter] INFO  nextflow.Session - [27/b8659a] Submitted process > ISOPIPE:PBCCS (alz.1perc.subreads.10000)
Mar-01 13:49:37.894 [Task submitter] DEBUG n.executor.local.LocalTaskHandler - Launch cmd line: /bin/bash -ue .command.run
Mar-01 13:49:37.894 [Task submitter] INFO  nextflow.Session - [77/f23442] Submitted process > ISOPIPE:PBCCS (alz.1perc.subreads.10000)
Mar-01 13:49:37.902 [Task submitter] DEBUG n.executor.local.LocalTaskHandler - Launch cmd line: /bin/bash -ue .command.run
Mar-01 13:49:37.903 [Task submitter] INFO  nextflow.Session - [fd/189213] Submitted process > ISOPIPE:PBCCS (alz.1perc.subreads.10000)
Mar-01 13:49:37.909 [Task submitter] DEBUG n.executor.local.LocalTaskHandler - Launch cmd line: /bin/bash -ue .command.run
Mar-01 13:49:37.910 [Task submitter] INFO  nextflow.Session - [d9/a44f3c] Submitted process > ISOPIPE:PBCCS (alz.1perc.subreads.10000)
Mar-01 13:49:37.916 [Task submitter] DEBUG n.executor.local.LocalTaskHandler - Launch cmd line: /bin/bash -ue .command.run
Mar-01 13:49:37.917 [Task submitter] INFO  nextflow.Session - [13/d7a790] Submitted process > ISOPIPE:PBCCS (alz.1perc.subreads.10000_COPY)
Mar-01 13:49:37.925 [Task submitter] DEBUG n.executor.local.LocalTaskHandler - Launch cmd line: /bin/bash -ue .command.run
Mar-01 13:49:37.925 [Task submitter] INFO  nextflow.Session - [e7/844214] Submitted process > ISOPIPE:PBCCS (alz.1perc.subreads.10000)
Mar-01 13:49:37.932 [Task submitter] DEBUG n.executor.local.LocalTaskHandler - Launch cmd line: /bin/bash -ue .command.run
Mar-01 13:49:37.933 [Task submitter] INFO  nextflow.Session - [36/646794] Submitted process > ISOPIPE:PBCCS (alz.1perc.subreads.10000)
Mar-01 13:49:37.940 [Task submitter] DEBUG n.executor.local.LocalTaskHandler - Launch cmd line: /bin/bash -ue .command.run
Mar-01 13:49:37.941 [Task submitter] INFO  nextflow.Session - [c9/23ff61] Submitted process > ISOPIPE:PBCCS (alz.1perc.subreads.10000)
Mar-01 13:49:37.951 [Task submitter] DEBUG n.executor.local.LocalTaskHandler - Launch cmd line: /bin/bash -ue .command.run
Mar-01 13:49:37.952 [Task submitter] INFO  nextflow.Session - [dc/fa8b54] Submitted process > ISOPIPE:PBCCS (alz.1perc.subreads.10000)
Mar-01 13:49:45.657 [Task monitor] DEBUG n.processor.TaskPollingMonitor - Task completed > TaskHandler[id: 2; name: ISOPIPE:PBCCS (alz.1perc.subreads.10000); status: COMPLETED; exit: 0; error: -; workDir: /home/alejandro/Documents/projects/isoseq/src/work/f8/1fa2305a4dd3d1ade7c8ec48129443]
Mar-01 13:49:45.658 [Task monitor] DEBUG nextflow.util.ThreadPoolBuilder - Creating thread pool 'TaskFinalizer' minSize=10; maxSize=48; workQueue=LinkedBlockingQueue[-1]; allowCoreThreadTimeout=false
Mar-01 13:49:45.663 [Task submitter] DEBUG n.executor.local.LocalTaskHandler - Launch cmd line: /bin/bash -ue .command.run
Mar-01 13:49:45.663 [Task submitter] INFO  nextflow.Session - [2f/46b7b6] Submitted process > ISOPIPE:PBCCS (alz.1perc.subreads.10000)
Mar-01 13:49:45.701 [TaskFinalizer-1] DEBUG nextflow.util.ThreadPoolBuilder - Creating thread pool 'PublishDir' minSize=10; maxSize=48; workQueue=LinkedBlockingQueue[-1]; allowCoreThreadTimeout=false
Mar-01 13:49:45.911 [Task monitor] DEBUG n.processor.TaskPollingMonitor - Task completed > TaskHandler[id: 1; name: ISOPIPE:PBCCS (alz.1perc.subreads.10000); status: COMPLETED; exit: 0; error: -; workDir: /home/alejandro/Documents/projects/isoseq/src/work/bb/0aeee8484dd52888fc66d02c89fd92]
Mar-01 13:49:45.917 [Task submitter] DEBUG n.executor.local.LocalTaskHandler - Launch cmd line: /bin/bash -ue .command.run
Mar-01 13:49:45.918 [Task submitter] INFO  nextflow.Session - [31/3609e4] Submitted process > ISOPIPE:PBCCS (alz.1perc.subreads.10000_COPY)
Mar-01 13:49:46.383 [Task monitor] DEBUG n.processor.TaskPollingMonitor - Task completed > TaskHandler[id: 4; name: ISOPIPE:PBCCS (alz.1perc.subreads.10000); status: COMPLETED; exit: 0; error: -; workDir: /home/alejandro/Documents/projects/isoseq/src/work/6a/cc29f07bff2fa2baeb3056fac4ddc9]
Mar-01 13:49:46.391 [Task submitter] DEBUG n.executor.local.LocalTaskHandler - Launch cmd line: /bin/bash -ue .command.run
Mar-01 13:49:46.391 [Task submitter] INFO  nextflow.Session - [82/0aa305] Submitted process > ISOPIPE:PBCCS (alz.1perc.subreads.10000_COPY)
Mar-01 13:49:46.745 [Task monitor] DEBUG n.processor.TaskPollingMonitor - Task completed > TaskHandler[id: 6; name: ISOPIPE:PBCCS (alz.1perc.subreads.10000); status: COMPLETED; exit: 0; error: -; workDir: /home/alejandro/Documents/projects/isoseq/src/work/01/5caceac06c03302e7585c4886f2095]
Mar-01 13:49:46.762 [Task submitter] DEBUG n.executor.local.LocalTaskHandler - Launch cmd line: /bin/bash -ue .command.run
Mar-01 13:49:46.763 [Task submitter] INFO  nextflow.Session - [b3/e4f69a] Submitted process > ISOPIPE:PBCCS (alz.1perc.subreads.10000_COPY)
Mar-01 13:49:47.263 [Task monitor] DEBUG n.processor.TaskPollingMonitor - Task completed > TaskHandler[id: 22; name: ISOPIPE:PBCCS (alz.1perc.subreads.10000_COPY); status: COMPLETED; exit: 0; error: -; workDir: /home/alejandro/Documents/projects/isoseq/src/work/13/d7a79047cd32397fe95a60770d87ab]
Mar-01 13:49:47.271 [Task submitter] DEBUG n.executor.local.LocalTaskHandler - Launch cmd line: /bin/bash -ue .command.run
Mar-01 13:49:47.272 [Task submitter] INFO  nextflow.Session - [64/2eb006] Submitted process > ISOPIPE:PBCCS (alz.1perc.subreads.10000_COPY)
Mar-01 13:49:48.505 [Task monitor] DEBUG n.processor.TaskPollingMonitor - Task completed > TaskHandler[id: 16; name: ISOPIPE:PBCCS (alz.1perc.subreads.10000); status: COMPLETED; exit: 0; error: -; workDir: /home/alejandro/Documents/projects/isoseq/src/work/c9/23ff614667c080c6ed9f0fc510b577]
Mar-01 13:49:48.510 [Task submitter] DEBUG n.executor.local.LocalTaskHandler - Launch cmd line: /bin/bash -ue .command.run
Mar-01 13:49:48.510 [Task submitter] INFO  nextflow.Session - [3a/78438e] Submitted process > ISOPIPE:PBCCS (alz.1perc.subreads.10000_COPY)
Mar-01 13:49:48.535 [Task monitor] DEBUG n.processor.TaskPollingMonitor - Task completed > TaskHandler[id: 10; name: ISOPIPE:PBCCS (alz.1perc.subreads.10000); status: COMPLETED; exit: 0; error: -; workDir: /home/alejandro/Documents/projects/isoseq/src/work/2d/3853cf3bb8356e329f566ef5dd6b3b]
Mar-01 13:49:48.539 [Task submitter] DEBUG n.executor.local.LocalTaskHandler - Launch cmd line: /bin/bash -ue .command.run
Mar-01 13:49:48.540 [Task submitter] INFO  nextflow.Session - [c9/51173e] Submitted process > ISOPIPE:PBCCS (alz.1perc.subreads.10000_COPY)
Mar-01 13:49:48.726 [Task monitor] DEBUG n.processor.TaskPollingMonitor - Task completed > TaskHandler[id: 7; name: ISOPIPE:PBCCS (alz.1perc.subreads.10000); status: COMPLETED; exit: 0; error: -; workDir: /home/alejandro/Documents/projects/isoseq/src/work/27/b8659ad7e34ccbd446eb63314ac5cd]
Mar-01 13:49:48.735 [Task submitter] DEBUG n.executor.local.LocalTaskHandler - Launch cmd line: /bin/bash -ue .command.run
Mar-01 13:49:48.735 [Task submitter] INFO  nextflow.Session - [c0/ed8310] Submitted process > ISOPIPE:PBCCS (alz.1perc.subreads.10000_COPY)
Mar-01 13:49:48.744 [Task monitor] DEBUG n.processor.TaskPollingMonitor - Task completed > TaskHandler[id: 14; name: ISOPIPE:PBCCS (alz.1perc.subreads.10000); status: COMPLETED; exit: 0; error: -; workDir: /home/alejandro/Documents/projects/isoseq/src/work/c0/fb24d40c763248b909b6cda139336a]
Mar-01 13:49:48.748 [Task submitter] DEBUG n.executor.local.LocalTaskHandler - Launch cmd line: /bin/bash -ue .command.run
Mar-01 13:49:48.748 [Task submitter] INFO  nextflow.Session - [83/b898aa] Submitted process > ISOPIPE:PBCCS (alz.1perc.subreads.10000_COPY)
Mar-01 13:49:49.040 [Task monitor] DEBUG n.processor.TaskPollingMonitor - Task completed > TaskHandler[id: 13; name: ISOPIPE:PBCCS (alz.1perc.subreads.10000); status: COMPLETED; exit: 0; error: -; workDir: /home/alejandro/Documents/projects/isoseq/src/work/d9/a44f3c970475733502f45a4cb5d285]
Mar-01 13:49:49.044 [Task submitter] DEBUG n.executor.local.LocalTaskHandler - Launch cmd line: /bin/bash -ue .command.run
Mar-01 13:49:49.045 [Task submitter] INFO  nextflow.Session - [49/87c40d] Submitted process > ISOPIPE:PBCCS (alz.1perc.subreads.10000_COPY)
Mar-01 13:49:49.285 [Task monitor] DEBUG n.processor.TaskPollingMonitor - Task completed > TaskHandler[id: 11; name: ISOPIPE:PBCCS (alz.1perc.subreads.10000); status: COMPLETED; exit: 0; error: -; workDir: /home/alejandro/Documents/projects/isoseq/src/work/22/f598b7d72474990c4d434dad3be693]
Mar-01 13:49:49.289 [Task submitter] DEBUG n.executor.local.LocalTaskHandler - Launch cmd line: /bin/bash -ue .command.run
Mar-01 13:49:49.290 [Task submitter] INFO  nextflow.Session - [fc/75764f] Submitted process > ISOPIPE:PBCCS (alz.1perc.subreads.10000_COPY)
Mar-01 13:49:49.394 [Task monitor] DEBUG n.processor.TaskPollingMonitor - Task completed > TaskHandler[id: 3; name: ISOPIPE:PBCCS (alz.1perc.subreads.10000); status: COMPLETED; exit: 0; error: -; workDir: /home/alejandro/Documents/projects/isoseq/src/work/77/f234427784de65f9a1b5349f89ed15]
Mar-01 13:49:49.398 [Task submitter] DEBUG n.executor.local.LocalTaskHandler - Launch cmd line: /bin/bash -ue .command.run
Mar-01 13:49:49.398 [Task submitter] INFO  nextflow.Session - [a8/17c7f5] Submitted process > ISOPIPE:PBCCS (alz.1perc.subreads.10000_COPY)
Mar-01 13:49:49.597 [Task monitor] DEBUG n.processor.TaskPollingMonitor - Task completed > TaskHandler[id: 8; name: ISOPIPE:PBCCS (alz.1perc.subreads.10000); status: COMPLETED; exit: 0; error: -; workDir: /home/alejandro/Documents/projects/isoseq/src/work/e7/844214056011e5a7b76357bbc5dfc2]
Mar-01 13:49:49.603 [Task submitter] DEBUG n.executor.local.LocalTaskHandler - Launch cmd line: /bin/bash -ue .command.run
Mar-01 13:49:49.603 [Task submitter] INFO  nextflow.Session - [91/91d198] Submitted process > ISOPIPE:PBCCS (alz.1perc.subreads.10000_COPY)
Mar-01 13:49:50.024 [Task monitor] DEBUG n.processor.TaskPollingMonitor - Task completed > TaskHandler[id: 15; name: ISOPIPE:PBCCS (alz.1perc.subreads.10000); status: COMPLETED; exit: 0; error: -; workDir: /home/alejandro/Documents/projects/isoseq/src/work/36/6467946be3436fc4bc36ba167f306c]
Mar-01 13:49:50.031 [Task submitter] DEBUG n.executor.local.LocalTaskHandler - Launch cmd line: /bin/bash -ue .command.run
Mar-01 13:49:50.033 [Task submitter] INFO  nextflow.Session - [15/7e5ca1] Submitted process > ISOPIPE:PBCCS (alz.1perc.subreads.10000_COPY)
Mar-01 13:49:50.302 [Task monitor] DEBUG n.processor.TaskPollingMonitor - Task completed > TaskHandler[id: 5; name: ISOPIPE:PBCCS (alz.1perc.subreads.10000); status: COMPLETED; exit: 0; error: -; workDir: /home/alejandro/Documents/projects/isoseq/src/work/fd/189213f62d1b87fd3357d4b1980853]
Mar-01 13:49:50.305 [Task submitter] DEBUG n.executor.local.LocalTaskHandler - Launch cmd line: /bin/bash -ue .command.run
Mar-01 13:49:50.306 [Task submitter] INFO  nextflow.Session - [aa/522241] Submitted process > ISOPIPE:PBCCS (alz.1perc.subreads.10000_COPY)
Mar-01 13:49:50.831 [Task monitor] DEBUG n.processor.TaskPollingMonitor - Task completed > TaskHandler[id: 9; name: ISOPIPE:PBCCS (alz.1perc.subreads.10000); status: COMPLETED; exit: 0; error: -; workDir: /home/alejandro/Documents/projects/isoseq/src/work/dc/fa8b54b96074182ea130198e8bf3e3]
Mar-01 13:49:50.839 [Task submitter] DEBUG n.executor.local.LocalTaskHandler - Launch cmd line: /bin/bash -ue .command.run
Mar-01 13:49:50.840 [Task submitter] INFO  nextflow.Session - [07/a7b5a5] Submitted process > ISOPIPE:PBCCS (alz.1perc.subreads.10000_COPY)
Mar-01 13:49:52.260 [Task monitor] DEBUG n.processor.TaskPollingMonitor - Task completed > TaskHandler[id: 18; name: ISOPIPE:PBCCS (alz.1perc.subreads.10000_COPY); status: COMPLETED; exit: 0; error: -; workDir: /home/alejandro/Documents/projects/isoseq/src/work/82/0aa305d31e5f75d7a0a4d66b9e6036]
Mar-01 13:49:52.797 [Task monitor] DEBUG n.processor.TaskPollingMonitor - Task completed > TaskHandler[id: 17; name: ISOPIPE:PBCCS (alz.1perc.subreads.10000_COPY); status: COMPLETED; exit: 0; error: -; workDir: /home/alejandro/Documents/projects/isoseq/src/work/31/3609e4926627c9e72a9625eade6962]
Mar-01 13:49:53.637 [Task monitor] DEBUG n.processor.TaskPollingMonitor - Task completed > TaskHandler[id: 20; name: ISOPIPE:PBCCS (alz.1perc.subreads.10000_COPY); status: COMPLETED; exit: 0; error: -; workDir: /home/alejandro/Documents/projects/isoseq/src/work/b3/e4f69aab79895f0dd3b4649957cbcf]
Mar-01 13:49:54.503 [Task monitor] DEBUG n.processor.TaskPollingMonitor - Task completed > TaskHandler[id: 12; name: ISOPIPE:PBCCS (alz.1perc.subreads.10000); status: COMPLETED; exit: 0; error: -; workDir: /home/alejandro/Documents/projects/isoseq/src/work/2f/46b7b6a5a8b779a6f6d17725c5bb5f]
Mar-01 13:49:54.530 [Task submitter] DEBUG n.executor.local.LocalTaskHandler - Launch cmd line: /bin/bash -ue .command.run
Mar-01 13:49:54.530 [Task submitter] INFO  nextflow.Session - [3c/04ef05] Submitted process > ISOPIPE:PBMERGE (alz.1perc.subreads.10000)
Mar-01 13:49:55.333 [Task monitor] DEBUG n.processor.TaskPollingMonitor - Task completed > TaskHandler[id: 33; name: ISOPIPE:PBMERGE (alz.1perc.subreads.10000); status: COMPLETED; exit: 0; error: -; workDir: /home/alejandro/Documents/projects/isoseq/src/work/3c/04ef05cd19a036d50a6722e08ee081]
Mar-01 13:49:55.356 [Task submitter] DEBUG n.executor.local.LocalTaskHandler - Launch cmd line: /bin/bash -ue .command.run
Mar-01 13:49:55.357 [Task submitter] INFO  nextflow.Session - [05/6d5722] Submitted process > ISOPIPE:LIMA (alz.1perc.subreads.10000)
Mar-01 13:49:56.008 [Task monitor] DEBUG n.processor.TaskPollingMonitor - Task completed > TaskHandler[id: 19; name: ISOPIPE:PBCCS (alz.1perc.subreads.10000_COPY); status: COMPLETED; exit: 0; error: -; workDir: /home/alejandro/Documents/projects/isoseq/src/work/64/2eb006d4ec4ea6160da1796cb84bc2]
Mar-01 13:49:56.147 [Task monitor] DEBUG n.processor.TaskPollingMonitor - Task completed > TaskHandler[id: 34; name: ISOPIPE:LIMA (alz.1perc.subreads.10000); status: COMPLETED; exit: 0; error: -; workDir: /home/alejandro/Documents/projects/isoseq/src/work/05/6d5722f291e534b72c6809a53d2d7e]
Mar-01 13:49:56.240 [TaskFinalizer-3] DEBUG nextflow.processor.TaskProcessor - Process ISOPIPE:LIMA > Skipping output binding because one or more optional files are missing: fileoutparam<6:1>
Mar-01 13:49:56.241 [TaskFinalizer-3] DEBUG nextflow.processor.TaskProcessor - Process ISOPIPE:LIMA > Skipping output binding because one or more optional files are missing: fileoutparam<7:1>
Mar-01 13:49:56.241 [TaskFinalizer-3] DEBUG nextflow.processor.TaskProcessor - Process ISOPIPE:LIMA > Skipping output binding because one or more optional files are missing: fileoutparam<8:1>
Mar-01 13:49:56.241 [TaskFinalizer-3] DEBUG nextflow.processor.TaskProcessor - Process ISOPIPE:LIMA > Skipping output binding because one or more optional files are missing: fileoutparam<9:1>
Mar-01 13:49:56.267 [Task submitter] DEBUG n.executor.local.LocalTaskHandler - Launch cmd line: /bin/bash -ue .command.run
Mar-01 13:49:56.268 [Task submitter] INFO  nextflow.Session - [dd/2a77fb] Submitted process > ISOPIPE:ISOSEQ_REFINE (alz.1perc.subreads.10000)
Mar-01 13:49:57.070 [Task monitor] DEBUG n.processor.TaskPollingMonitor - Task completed > TaskHandler[id: 35; name: ISOPIPE:ISOSEQ_REFINE (alz.1perc.subreads.10000); status: COMPLETED; exit: 0; error: -; workDir: /home/alejandro/Documents/projects/isoseq/src/work/dd/2a77fb2d8f1d6717881d492e2eaa34]
Mar-01 13:49:58.050 [Task monitor] DEBUG n.processor.TaskPollingMonitor - Task completed > TaskHandler[id: 23; name: ISOPIPE:PBCCS (alz.1perc.subreads.10000_COPY); status: COMPLETED; exit: 0; error: -; workDir: /home/alejandro/Documents/projects/isoseq/src/work/c9/51173ecd14c8b01f55488e9302dd60]
Mar-01 13:49:58.057 [Task submitter] DEBUG n.executor.local.LocalTaskHandler - Launch cmd line: /bin/bash -ue .command.run
Mar-01 13:49:58.057 [Task submitter] INFO  nextflow.Session - [e1/572934] Submitted process > ISOPIPE:ISOSEQ_CLUSTER2 (alz.1perc.subreads.10000)
Mar-01 13:49:58.360 [Task monitor] DEBUG n.processor.TaskPollingMonitor - Task completed > TaskHandler[id: 32; name: ISOPIPE:PBCCS (alz.1perc.subreads.10000_COPY); status: COMPLETED; exit: 0; error: -; workDir: /home/alejandro/Documents/projects/isoseq/src/work/aa/522241c8dfa85a38e241da4c8fe4eb]
Mar-01 13:49:58.435 [Task monitor] DEBUG n.processor.TaskPollingMonitor - Task completed > TaskHandler[id: 24; name: ISOPIPE:PBCCS (alz.1perc.subreads.10000_COPY); status: COMPLETED; exit: 0; error: -; workDir: /home/alejandro/Documents/projects/isoseq/src/work/c0/ed8310dcf0943155d7230e1062b844]
Mar-01 13:49:58.715 [Task monitor] DEBUG n.processor.TaskPollingMonitor - Task completed > TaskHandler[id: 27; name: ISOPIPE:PBCCS (alz.1perc.subreads.10000_COPY); status: COMPLETED; exit: 0; error: -; workDir: /home/alejandro/Documents/projects/isoseq/src/work/49/87c40dbeefb22b8f06fc4aebd468b9]
Mar-01 13:49:58.960 [Task monitor] DEBUG n.processor.TaskPollingMonitor - Task completed > TaskHandler[id: 26; name: ISOPIPE:PBCCS (alz.1perc.subreads.10000_COPY); status: COMPLETED; exit: 0; error: -; workDir: /home/alejandro/Documents/projects/isoseq/src/work/fc/75764f1bd7989cfb8bf0dff356742c]
Mar-01 13:49:59.066 [Task monitor] DEBUG n.processor.TaskPollingMonitor - Task completed > TaskHandler[id: 21; name: ISOPIPE:PBCCS (alz.1perc.subreads.10000_COPY); status: COMPLETED; exit: 0; error: -; workDir: /home/alejandro/Documents/projects/isoseq/src/work/3a/78438eb7dd80968b168805967ebc20]
Mar-01 13:49:59.067 [Task monitor] DEBUG n.processor.TaskPollingMonitor - Task completed > TaskHandler[id: 28; name: ISOPIPE:PBCCS (alz.1perc.subreads.10000_COPY); status: COMPLETED; exit: 0; error: -; workDir: /home/alejandro/Documents/projects/isoseq/src/work/a8/17c7f5eebe9a24b638ec081026efe0]
Mar-01 13:49:59.182 [Task monitor] DEBUG n.processor.TaskPollingMonitor - Task completed > TaskHandler[id: 31; name: ISOPIPE:PBCCS (alz.1perc.subreads.10000_COPY); status: COMPLETED; exit: 0; error: -; workDir: /home/alejandro/Documents/projects/isoseq/src/work/91/91d19840e253f6be7643e2b536ac02]
Mar-01 13:49:59.240 [Task monitor] DEBUG n.processor.TaskPollingMonitor - Task completed > TaskHandler[id: 30; name: ISOPIPE:PBCCS (alz.1perc.subreads.10000_COPY); status: COMPLETED; exit: 0; error: -; workDir: /home/alejandro/Documents/projects/isoseq/src/work/15/7e5ca16810012722f8ca2b185d079b]
Mar-01 13:49:59.366 [Task monitor] DEBUG n.processor.TaskPollingMonitor - Task completed > TaskHandler[id: 36; name: ISOPIPE:ISOSEQ_CLUSTER2 (alz.1perc.subreads.10000); status: COMPLETED; exit: 0; error: -; workDir: /home/alejandro/Documents/projects/isoseq/src/work/e1/5729340e74154588ea519ca7ac9c26]
Mar-01 13:49:59.372 [TaskFinalizer-4] DEBUG nextflow.processor.TaskProcessor - Process ISOPIPE:ISOSEQ_CLUSTER2 > Skipping output binding because one or more optional files are missing: fileoutparam<3:1>
Mar-01 13:49:59.373 [TaskFinalizer-4] DEBUG nextflow.processor.TaskProcessor - Process ISOPIPE:ISOSEQ_CLUSTER2 > Skipping output binding because one or more optional files are missing: fileoutparam<4:1>
Mar-01 13:49:59.373 [TaskFinalizer-4] DEBUG nextflow.processor.TaskProcessor - Process ISOPIPE:ISOSEQ_CLUSTER2 > Skipping output binding because one or more optional files are missing: fileoutparam<5:1>
Mar-01 13:49:59.373 [TaskFinalizer-4] DEBUG nextflow.processor.TaskProcessor - Process ISOPIPE:ISOSEQ_CLUSTER2 > Skipping output binding because one or more optional files are missing: fileoutparam<6:1>
Mar-01 13:49:59.373 [TaskFinalizer-4] DEBUG nextflow.processor.TaskProcessor - Process ISOPIPE:ISOSEQ_CLUSTER2 > Skipping output binding because one or more optional files are missing: fileoutparam<7:1>
Mar-01 13:49:59.373 [TaskFinalizer-4] DEBUG nextflow.processor.TaskProcessor - Process ISOPIPE:ISOSEQ_CLUSTER2 > Skipping output binding because one or more optional files are missing: fileoutparam<8:1>
Mar-01 13:49:59.383 [Task submitter] DEBUG n.executor.local.LocalTaskHandler - Launch cmd line: /bin/bash -ue .command.run
Mar-01 13:49:59.383 [Task submitter] INFO  nextflow.Session - [ff/150288] Submitted process > ISOPIPE:BAM_TO_FQ (alz.1perc.subreads.10000)
Mar-01 13:49:59.598 [Task monitor] DEBUG n.processor.TaskPollingMonitor - Task completed > TaskHandler[id: 29; name: ISOPIPE:PBCCS (alz.1perc.subreads.10000_COPY); status: COMPLETED; exit: 0; error: -; workDir: /home/alejandro/Documents/projects/isoseq/src/work/07/a7b5a5bbc003b432539ddd362b4868]
Mar-01 13:49:59.698 [Task monitor] DEBUG n.processor.TaskPollingMonitor - Task completed > TaskHandler[id: 25; name: ISOPIPE:PBCCS (alz.1perc.subreads.10000_COPY); status: COMPLETED; exit: 0; error: -; workDir: /home/alejandro/Documents/projects/isoseq/src/work/83/b898aad40443dfbeff6a0f23edfa1f]
Mar-01 13:49:59.713 [Task submitter] DEBUG n.executor.local.LocalTaskHandler - Launch cmd line: /bin/bash -ue .command.run
Mar-01 13:49:59.714 [Task submitter] INFO  nextflow.Session - [db/ae9664] Submitted process > ISOPIPE:PBMERGE (alz.1perc.subreads.10000_COPY)
Mar-01 13:50:00.305 [Task monitor] DEBUG n.processor.TaskPollingMonitor - Task completed > TaskHandler[id: 37; name: ISOPIPE:BAM_TO_FQ (alz.1perc.subreads.10000); status: COMPLETED; exit: 0; error: -; workDir: /home/alejandro/Documents/projects/isoseq/src/work/ff/150288515b315162661035f6740906]
Mar-01 13:50:00.425 [Task monitor] DEBUG n.processor.TaskPollingMonitor - Task completed > TaskHandler[id: 38; name: ISOPIPE:PBMERGE (alz.1perc.subreads.10000_COPY); status: COMPLETED; exit: 0; error: -; workDir: /home/alejandro/Documents/projects/isoseq/src/work/db/ae9664ce37224e6c2b096f682e216f]
Mar-01 13:50:00.446 [Task submitter] DEBUG n.executor.local.LocalTaskHandler - Launch cmd line: /bin/bash -ue .command.run
Mar-01 13:50:00.446 [Task submitter] INFO  nextflow.Session - [e3/eff50d] Submitted process > ISOPIPE:LIMA (alz.1perc.subreads.10000_COPY)
Mar-01 13:50:01.088 [Task monitor] DEBUG n.processor.TaskPollingMonitor - Task completed > TaskHandler[id: 39; name: ISOPIPE:LIMA (alz.1perc.subreads.10000_COPY); status: COMPLETED; exit: 0; error: -; workDir: /home/alejandro/Documents/projects/isoseq/src/work/e3/eff50d6ade75b1dd87b59c685b717d]
Mar-01 13:50:01.096 [TaskFinalizer-9] DEBUG nextflow.processor.TaskProcessor - Process ISOPIPE:LIMA > Skipping output binding because one or more optional files are missing: fileoutparam<6:1>
Mar-01 13:50:01.096 [TaskFinalizer-9] DEBUG nextflow.processor.TaskProcessor - Process ISOPIPE:LIMA > Skipping output binding because one or more optional files are missing: fileoutparam<7:1>
Mar-01 13:50:01.096 [TaskFinalizer-9] DEBUG nextflow.processor.TaskProcessor - Process ISOPIPE:LIMA > Skipping output binding because one or more optional files are missing: fileoutparam<8:1>
Mar-01 13:50:01.096 [TaskFinalizer-9] DEBUG nextflow.processor.TaskProcessor - Process ISOPIPE:LIMA > Skipping output binding because one or more optional files are missing: fileoutparam<9:1>
Mar-01 13:50:01.103 [Task submitter] DEBUG n.executor.local.LocalTaskHandler - Launch cmd line: /bin/bash -ue .command.run
Mar-01 13:50:01.103 [Task submitter] INFO  nextflow.Session - [92/2811bb] Submitted process > ISOPIPE:ISOSEQ_REFINE (alz.1perc.subreads.10000_COPY)
Mar-01 13:50:01.738 [Task monitor] DEBUG n.processor.TaskPollingMonitor - Task completed > TaskHandler[id: 40; name: ISOPIPE:ISOSEQ_REFINE (alz.1perc.subreads.10000_COPY); status: COMPLETED; exit: 0; error: -; workDir: /home/alejandro/Documents/projects/isoseq/src/work/92/2811bbe4962cba9a9f9a80246aaee1]
Mar-01 13:50:01.748 [Task submitter] DEBUG n.executor.local.LocalTaskHandler - Launch cmd line: /bin/bash -ue .command.run
Mar-01 13:50:01.748 [Task submitter] INFO  nextflow.Session - [be/ca506e] Submitted process > ISOPIPE:ISOSEQ_CLUSTER2 (alz.1perc.subreads.10000_COPY)
Mar-01 13:50:01.752 [Task submitter] DEBUG n.executor.local.LocalTaskHandler - Launch cmd line: /bin/bash -ue .command.run
Mar-01 13:50:01.752 [Task submitter] INFO  nextflow.Session - [ef/2335a2] Submitted process > ISOPIPE:ISOSEQ_CLUSTER2_POOLED (pooled)
Mar-01 13:50:02.625 [Task monitor] DEBUG n.processor.TaskPollingMonitor - Task completed > TaskHandler[id: 41; name: ISOPIPE:ISOSEQ_CLUSTER2 (alz.1perc.subreads.10000_COPY); status: COMPLETED; exit: 0; error: -; workDir: /home/alejandro/Documents/projects/isoseq/src/work/be/ca506e89c18148f02bfe27c2aaaaca]
Mar-01 13:50:02.631 [TaskFinalizer-1] DEBUG nextflow.processor.TaskProcessor - Process ISOPIPE:ISOSEQ_CLUSTER2 > Skipping output binding because one or more optional files are missing: fileoutparam<3:1>
Mar-01 13:50:02.631 [TaskFinalizer-1] DEBUG nextflow.processor.TaskProcessor - Process ISOPIPE:ISOSEQ_CLUSTER2 > Skipping output binding because one or more optional files are missing: fileoutparam<4:1>
Mar-01 13:50:02.632 [TaskFinalizer-1] DEBUG nextflow.processor.TaskProcessor - Process ISOPIPE:ISOSEQ_CLUSTER2 > Skipping output binding because one or more optional files are missing: fileoutparam<5:1>
Mar-01 13:50:02.632 [TaskFinalizer-1] DEBUG nextflow.processor.TaskProcessor - Process ISOPIPE:ISOSEQ_CLUSTER2 > Skipping output binding because one or more optional files are missing: fileoutparam<6:1>
Mar-01 13:50:02.632 [TaskFinalizer-1] DEBUG nextflow.processor.TaskProcessor - Process ISOPIPE:ISOSEQ_CLUSTER2 > Skipping output binding because one or more optional files are missing: fileoutparam<7:1>
Mar-01 13:50:02.632 [TaskFinalizer-1] DEBUG nextflow.processor.TaskProcessor - Process ISOPIPE:ISOSEQ_CLUSTER2 > Skipping output binding because one or more optional files are missing: fileoutparam<8:1>
Mar-01 13:50:02.640 [Task submitter] DEBUG n.executor.local.LocalTaskHandler - Launch cmd line: /bin/bash -ue .command.run
Mar-01 13:50:02.640 [Task submitter] INFO  nextflow.Session - [92/3af0f4] Submitted process > ISOPIPE:BAM_TO_FQ (alz.1perc.subreads.10000_COPY)
Mar-01 13:50:02.751 [Task monitor] DEBUG n.processor.TaskPollingMonitor - Task completed > TaskHandler[id: 42; name: ISOPIPE:ISOSEQ_CLUSTER2_POOLED (pooled); status: COMPLETED; exit: 0; error: -; workDir: /home/alejandro/Documents/projects/isoseq/src/work/ef/2335a2e51037a4fe71e05cf6c791d6]
Mar-01 13:50:02.760 [TaskFinalizer-2] DEBUG nextflow.processor.TaskProcessor - Process ISOPIPE:ISOSEQ_CLUSTER2_POOLED > Skipping output binding because one or more optional files are missing: fileoutparam<3:1>
Mar-01 13:50:02.760 [TaskFinalizer-2] DEBUG nextflow.processor.TaskProcessor - Process ISOPIPE:ISOSEQ_CLUSTER2_POOLED > Skipping output binding because one or more optional files are missing: fileoutparam<4:1>
Mar-01 13:50:02.760 [TaskFinalizer-2] DEBUG nextflow.processor.TaskProcessor - Process ISOPIPE:ISOSEQ_CLUSTER2_POOLED > Skipping output binding because one or more optional files are missing: fileoutparam<5:1>
Mar-01 13:50:02.760 [TaskFinalizer-2] DEBUG nextflow.processor.TaskProcessor - Process ISOPIPE:ISOSEQ_CLUSTER2_POOLED > Skipping output binding because one or more optional files are missing: fileoutparam<6:1>
Mar-01 13:50:02.760 [TaskFinalizer-2] DEBUG nextflow.processor.TaskProcessor - Process ISOPIPE:ISOSEQ_CLUSTER2_POOLED > Skipping output binding because one or more optional files are missing: fileoutparam<7:1>
Mar-01 13:50:02.760 [TaskFinalizer-2] DEBUG nextflow.processor.TaskProcessor - Process ISOPIPE:ISOSEQ_CLUSTER2_POOLED > Skipping output binding because one or more optional files are missing: fileoutparam<8:1>
Mar-01 13:50:02.768 [Task submitter] DEBUG n.executor.local.LocalTaskHandler - Launch cmd line: /bin/bash -ue .command.run
Mar-01 13:50:02.768 [Task submitter] INFO  nextflow.Session - [fe/74cba4] Submitted process > ISOPIPE:BAM_TO_FQ_POOLED (pooled)
Mar-01 13:50:03.477 [Task monitor] DEBUG n.processor.TaskPollingMonitor - Task completed > TaskHandler[id: 43; name: ISOPIPE:BAM_TO_FQ (alz.1perc.subreads.10000_COPY); status: COMPLETED; exit: 0; error: -; workDir: /home/alejandro/Documents/projects/isoseq/src/work/92/3af0f46e16a245d7a7496b35496a35]
Mar-01 13:50:03.554 [Task monitor] DEBUG n.processor.TaskPollingMonitor - Task completed > TaskHandler[id: 44; name: ISOPIPE:BAM_TO_FQ_POOLED (pooled); status: COMPLETED; exit: 0; error: -; workDir: /home/alejandro/Documents/projects/isoseq/src/work/fe/74cba4fcb2354dad87f297d5c4b56e]
Mar-01 13:50:03.556 [main] DEBUG nextflow.Session - Session await > all processes finished
Mar-01 13:50:03.654 [Task monitor] DEBUG n.processor.TaskPollingMonitor - <<< barrier arrives (monitor: local) - terminating tasks monitor poll loop
Mar-01 13:50:03.654 [main] DEBUG nextflow.Session - Session await > all barriers passed
Mar-01 13:50:03.656 [main] DEBUG nextflow.util.ThreadPoolManager - Thread pool 'TaskFinalizer' shutdown completed (hard=false)
Mar-01 13:50:03.656 [main] DEBUG nextflow.util.ThreadPoolManager - Thread pool 'PublishDir' shutdown completed (hard=false)
Mar-01 13:50:03.660 [main] DEBUG n.trace.WorkflowStatsObserver - Workflow completed > WorkflowStats[succeededCount=44; failedCount=0; ignoredCount=0; cachedCount=0; pendingCount=0; submittedCount=0; runningCount=0; retriesCount=0; abortedCount=0; succeedDuration=4m 25s; failedDuration=0ms; cachedDuration=0ms;loadCpus=0; loadMemory=0; peakRunning=16; peakCpus=16; peakMemory=96 GB; ]
Mar-01 13:50:03.775 [main] DEBUG nextflow.trace.ReportObserver - Workflow completed -- rendering execution report
Mar-01 13:50:04.108 [main] DEBUG nextflow.trace.TimelineObserver - Workflow completed -- rendering execution timeline
Mar-01 13:50:04.144 [main] DEBUG nextflow.trace.TraceFileObserver - Workflow completed -- saving trace file
Mar-01 13:50:04.155 [main] DEBUG nextflow.cache.CacheDB - Closing CacheDB done
Mar-01 13:50:04.163 [main] DEBUG nextflow.plugin.PluginsFacade - Using Default plugin manager
Mar-01 13:50:04.164 [main] INFO  o.pf4j.DefaultPluginStatusProvider - Enabled plugins: []
Mar-01 13:50:04.164 [main] INFO  o.pf4j.DefaultPluginStatusProvider - Disabled plugins: []
Mar-01 13:50:04.165 [main] INFO  org.pf4j.DefaultPluginManager - PF4J version 3.12.0 in 'deployment' mode
Mar-01 13:50:04.166 [main] DEBUG nextflow.cache.CacheFactory - Using Nextflow cache factory: nextflow.cache.DefaultCacheFactory
Mar-01 13:50:04.262 [main] DEBUG nextflow.cache.CacheDB - Closing CacheDB done
Mar-01 13:50:04.262 [main] DEBUG nextflow.util.ThreadPoolManager - Thread pool 'FileTransfer' shutdown completed (hard=false)
Mar-01 13:50:04.263 [main] DEBUG nextflow.script.ScriptRunner - > Execution complete -- Goodbye
